exports[`test matches snapshot 1`] = `
<Connect(Component)>
  <Connect(Component) />
  <Connect(Component)>
    <ReactCSSTransitionGroup
      transitionAppear={false}
      transitionEnter={true}
      transitionEnterTimeout={400}
      transitionLeave={false}
      transitionName="list-undefined">
      <Connect(Component)
        date={undefined} />
    </ReactCSSTransitionGroup>
  </Connect(Component)>
</Connect(Component)>
`;
