exports[`test matches snapshot 1`] = `
<div>
  <Connect(Component) />
  <Connect(Component)>
    <ReactCSSTransitionGroup
      transitionAppear={false}
      transitionEnter={true}
      transitionEnterTimeout={400}
      transitionLeave={true}
      transitionLeaveTimeout={200}
      transitionName="list-undefined">
      <Connect(Component) />
    </ReactCSSTransitionGroup>
  </Connect(Component)>
</div>
`;
