exports[`test renders the same as before with no slots 1`] = `
<p
  className="message">
  No slots available
</p>
`;

exports[`test renders the same as before with two slots 1`] = `
<div
  className="List">
  <div
    className="Slot">
    <Connect(Component)
      id={1} />
  </div>
  <div
    className="Slot">
    <Connect(Component)
      id={2} />
  </div>
</div>
`;
