exports[`test renders correctly 1`] = `
<div
  className="App">
  <div
    className="Alerts">
    <span />
  </div>
  <div>
    <div
      className="Heading">
      <h3>
        Today 26/2/2017
      </h3>
      <a
        className="next-day">
        Next Day
      </a>
    </div>
    <p
      className="message">
      No slots available
    </p>
  </div>
</div>
`;
