exports[`test renders as before 1`] = `
<div
  className="App">
  <div
    className="Alerts">
    <span />
  </div>
  <div>
    <div
      className="Heading">
      <h3>
        Today 5/2/2017
      </h3>
      <a
        className="next-day"
        onClick={[Function]}>
        Next Day
      </a>
    </div>
    <span>
      <p
        className="message">
        No slots available
      </p>
    </span>
  </div>
</div>
`;
